2026-02-12 10:00:51.823 [JavaFX Application Thread] INFO  com.vending.database.DatabaseConfig - Database connected successfully
2026-02-12 10:00:51.824 [JavaFX Application Thread] INFO  com.vending.ui.VendingApp - Database initialized
2026-02-12 10:01:36.092 [JavaFX Application Thread] INFO  com.vending.database.DatabaseConfig - Database connected successfully
2026-02-12 10:01:36.093 [JavaFX Application Thread] INFO  com.vending.ui.VendingApp - Database initialized
2026-02-12 10:02:09.710 [Thread-4] ERROR com.vending.service.AuthService - Login error
java.lang.StringIndexOutOfBoundsException: Range [7, 29) out of bounds for length 19
	at java.base/jdk.internal.util.Preconditions$1.apply(Preconditions.java:55)
	at java.base/jdk.internal.util.Preconditions$1.apply(Preconditions.java:52)
	at java.base/jdk.internal.util.Preconditions$4.apply(Preconditions.java:213)
	at java.base/jdk.internal.util.Preconditions$4.apply(Preconditions.java:210)
	at java.base/jdk.internal.util.Preconditions.outOfBounds(Preconditions.java:98)
	at java.base/jdk.internal.util.Preconditions.outOfBoundsCheckFromToIndex(Preconditions.java:112)
	at java.base/jdk.internal.util.Preconditions.checkFromToIndex(Preconditions.java:349)
	at java.base/java.lang.String.checkBoundsBeginEnd(String.java:4865)
	at java.base/java.lang.String.substring(String.java:2834)
	at org.mindrot.jbcrypt.BCrypt.hashpw(BCrypt.java:674)
	at org.mindrot.jbcrypt.BCrypt.checkpw(BCrypt.java:764)
	at com.vending.dao.UserDAO$authenticate$1.invoke(UserDAO.kt:37)
	at com.vending.dao.UserDAO$authenticate$1.invoke(UserDAO.kt:32)
	at org.jetbrains.exposed.sql.transactions.ThreadLocalTransactionManagerKt.inTopLevelTransaction$run(ThreadLocalTransactionManager.kt:306)
	at org.jetbrains.exposed.sql.transactions.ThreadLocalTransactionManagerKt.access$inTopLevelTransaction$run(ThreadLocalTransactionManager.kt:1)
	at org.jetbrains.exposed.sql.transactions.ThreadLocalTransactionManagerKt$inTopLevelTransaction$1.invoke(ThreadLocalTransactionManager.kt:353)
	at org.jetbrains.exposed.sql.transactions.ThreadLocalTransactionManagerKt.keepAndRestoreTransactionRefAfterRun(ThreadLocalTransactionManager.kt:361)
	at org.jetbrains.exposed.sql.transactions.ThreadLocalTransactionManagerKt.inTopLevelTransaction(ThreadLocalTransactionManager.kt:352)
	at org.jetbrains.exposed.sql.transactions.ThreadLocalTransactionManagerKt$transaction$1.invoke(ThreadLocalTransactionManager.kt:261)
	at org.jetbrains.exposed.sql.transactions.ThreadLocalTransactionManagerKt.keepAndRestoreTransactionRefAfterRun(ThreadLocalTransactionManager.kt:361)
	at org.jetbrains.exposed.sql.transactions.ThreadLocalTransactionManagerKt.transaction(ThreadLocalTransactionManager.kt:231)
	at org.jetbrains.exposed.sql.transactions.ThreadLocalTransactionManagerKt.transaction(ThreadLocalTransactionManager.kt:209)
	at org.jetbrains.exposed.sql.transactions.ThreadLocalTransactionManagerKt.transaction$default(ThreadLocalTransactionManager.kt:208)
	at com.vending.dao.UserDAO.authenticate(UserDAO.kt:32)
	at com.vending.service.AuthService.login(AuthService.kt:23)
	at com.vending.ui.LoginView.lambda$11$lambda$10(LoginView.kt:84)
	at java.base/java.lang.Thread.run(Thread.java:1583)
2026-02-12 10:02:13.897 [Thread-5] ERROR com.vending.service.AuthService - Login error
java.lang.StringIndexOutOfBoundsException: Range [7, 29) out of bounds for length 19
	at java.base/jdk.internal.util.Preconditions$1.apply(Preconditions.java:55)
	at java.base/jdk.internal.util.Preconditions$1.apply(Preconditions.java:52)
	at java.base/jdk.internal.util.Preconditions$4.apply(Preconditions.java:213)
	at java.base/jdk.internal.util.Preconditions$4.apply(Preconditions.java:210)
	at java.base/jdk.internal.util.Preconditions.outOfBounds(Preconditions.java:98)
	at java.base/jdk.internal.util.Preconditions.outOfBoundsCheckFromToIndex(Preconditions.java:112)
	at java.base/jdk.internal.util.Preconditions.checkFromToIndex(Preconditions.java:349)
	at java.base/java.lang.String.checkBoundsBeginEnd(String.java:4865)
	at java.base/java.lang.String.substring(String.java:2834)
	at org.mindrot.jbcrypt.BCrypt.hashpw(BCrypt.java:674)
	at org.mindrot.jbcrypt.BCrypt.checkpw(BCrypt.java:764)
	at com.vending.dao.UserDAO$authenticate$1.invoke(UserDAO.kt:37)
	at com.vending.dao.UserDAO$authenticate$1.invoke(UserDAO.kt:32)
	at org.jetbrains.exposed.sql.transactions.ThreadLocalTransactionManagerKt.inTopLevelTransaction$run(ThreadLocalTransactionManager.kt:306)
	at org.jetbrains.exposed.sql.transactions.ThreadLocalTransactionManagerKt.access$inTopLevelTransaction$run(ThreadLocalTransactionManager.kt:1)
	at org.jetbrains.exposed.sql.transactions.ThreadLocalTransactionManagerKt$inTopLevelTransaction$1.invoke(ThreadLocalTransactionManager.kt:353)
	at org.jetbrains.exposed.sql.transactions.ThreadLocalTransactionManagerKt.keepAndRestoreTransactionRefAfterRun(ThreadLocalTransactionManager.kt:361)
	at org.jetbrains.exposed.sql.transactions.ThreadLocalTransactionManagerKt.inTopLevelTransaction(ThreadLocalTransactionManager.kt:352)
	at org.jetbrains.exposed.sql.transactions.ThreadLocalTransactionManagerKt$transaction$1.invoke(ThreadLocalTransactionManager.kt:261)
	at org.jetbrains.exposed.sql.transactions.ThreadLocalTransactionManagerKt.keepAndRestoreTransactionRefAfterRun(ThreadLocalTransactionManager.kt:361)
	at org.jetbrains.exposed.sql.transactions.ThreadLocalTransactionManagerKt.transaction(ThreadLocalTransactionManager.kt:231)
	at org.jetbrains.exposed.sql.transactions.ThreadLocalTransactionManagerKt.transaction(ThreadLocalTransactionManager.kt:209)
	at org.jetbrains.exposed.sql.transactions.ThreadLocalTransactionManagerKt.transaction$default(ThreadLocalTransactionManager.kt:208)
	at com.vending.dao.UserDAO.authenticate(UserDAO.kt:32)
	at com.vending.service.AuthService.login(AuthService.kt:23)
	at com.vending.ui.LoginView.lambda$11$lambda$10(LoginView.kt:84)
	at java.base/java.lang.Thread.run(Thread.java:1583)
2026-02-12 10:22:53.942 [JavaFX Application Thread] INFO  com.vending.database.DatabaseConfig - Database connected successfully
2026-02-12 10:22:53.943 [JavaFX Application Thread] INFO  com.vending.ui.VendingApp - Database initialized
2026-02-12 10:35:43.105 [JavaFX Application Thread] INFO  com.vending.database.DatabaseConfig - Database connected successfully
2026-02-12 10:35:43.107 [JavaFX Application Thread] INFO  com.vending.ui.VendingApp - Database initialized
2026-02-12 10:36:01.350 [JavaFX Application Thread] INFO  com.vending.database.DatabaseConfig - Database connected successfully
2026-02-12 10:36:01.351 [JavaFX Application Thread] INFO  com.vending.ui.VendingApp - Database initialized
2026-02-12 10:42:49.642 [JavaFX Application Thread] INFO  com.vending.database.DatabaseConfig - Database connected successfully
2026-02-12 10:42:49.644 [JavaFX Application Thread] INFO  com.vending.ui.VendingApp - Database initialized
2026-02-12 10:42:55.888 [JavaFX Application Thread] INFO  com.vending.database.DatabaseConfig - Database connected successfully
2026-02-12 10:42:55.889 [JavaFX Application Thread] INFO  com.vending.ui.VendingApp - Database initialized
2026-02-12 10:43:01.779 [JavaFX Application Thread] INFO  com.vending.database.DatabaseConfig - Database connected successfully
2026-02-12 10:43:01.780 [JavaFX Application Thread] INFO  com.vending.ui.VendingApp - Database initialized
2026-02-12 10:46:05.359 [JavaFX Application Thread] INFO  com.vending.database.DatabaseConfig - Database connected successfully
2026-02-12 10:46:05.360 [JavaFX Application Thread] INFO  com.vending.ui.VendingApp - Database initialized
2026-02-12 10:48:18.091 [JavaFX Application Thread] INFO  com.vending.database.DatabaseConfig - Database connected successfully
2026-02-12 10:48:18.092 [JavaFX Application Thread] INFO  com.vending.ui.VendingApp - Database initialized
2026-02-12 10:48:34.651 [Thread-3] INFO  com.vending.service.AuthService - User admin@system.ru logged in successfully
2026-02-12 10:51:14.213 [JavaFX Application Thread] INFO  com.vending.database.DatabaseConfig - Database connected successfully
2026-02-12 10:51:14.214 [JavaFX Application Thread] INFO  com.vending.ui.VendingApp - Database initialized
2026-02-12 10:52:02.330 [Thread-3] WARN  com.vending.service.AuthService - Failed login attempt for admin@system.ru
2026-02-12 10:52:07.541 [Thread-4] INFO  com.vending.service.AuthService - User admin@system.ru logged in successfully
2026-02-12 10:52:38.106 [JavaFX Application Thread] WARN  Exposed - Transaction attempt #0 failed: org.postgresql.util.PSQLException: ОШИБКА: столбец "machine_id" в таблице "notifications" не существует
  Позиция: 49. Statement(s): INSERT INTO notifications (created_at, is_read, machine_id, message, title, "type") VALUES (?, ?, ?, ?, ?, ?)
org.jetbrains.exposed.exceptions.ExposedSQLException: org.postgresql.util.PSQLException: ОШИБКА: столбец "machine_id" в таблице "notifications" не существует
  Позиция: 49
	at org.jetbrains.exposed.sql.statements.Statement.executeIn$exposed_core(Statement.kt:94)
	at org.jetbrains.exposed.sql.Transaction.exec(Transaction.kt:244)
	at org.jetbrains.exposed.sql.Transaction.exec(Transaction.kt:221)
	at org.jetbrains.exposed.sql.statements.Statement.execute(Statement.kt:55)
	at org.jetbrains.exposed.sql.QueriesKt.insert(Queries.kt:144)
	at com.vending.dao.NotificationDAO.create$lambda$6(DataDAOs.kt:236)
	at org.jetbrains.exposed.sql.transactions.ThreadLocalTransactionManagerKt.inTopLevelTransaction$run(ThreadLocalTransactionManager.kt:306)
	at org.jetbrains.exposed.sql.transactions.ThreadLocalTransactionManagerKt.access$inTopLevelTransaction$run(ThreadLocalTransactionManager.kt:1)
	at org.jetbrains.exposed.sql.transactions.ThreadLocalTransactionManagerKt$inTopLevelTransaction$1.invoke(ThreadLocalTransactionManager.kt:353)
	at org.jetbrains.exposed.sql.transactions.ThreadLocalTransactionManagerKt.keepAndRestoreTransactionRefAfterRun(ThreadLocalTransactionManager.kt:361)
	at org.jetbrains.exposed.sql.transactions.ThreadLocalTransactionManagerKt.inTopLevelTransaction(ThreadLocalTransactionManager.kt:352)
	at org.jetbrains.exposed.sql.transactions.ThreadLocalTransactionManagerKt$transaction$1.invoke(ThreadLocalTransactionManager.kt:261)
	at org.jetbrains.exposed.sql.transactions.ThreadLocalTransactionManagerKt.keepAndRestoreTransactionRefAfterRun(ThreadLocalTransactionManager.kt:361)
	at org.jetbrains.exposed.sql.transactions.ThreadLocalTransactionManagerKt.transaction(ThreadLocalTransactionManager.kt:231)
	at org.jetbrains.exposed.sql.transactions.ThreadLocalTransactionManagerKt.transaction(ThreadLocalTransactionManager.kt:209)
	at org.jetbrains.exposed.sql.transactions.ThreadLocalTransactionManagerKt.transaction$default(ThreadLocalTransactionManager.kt:208)
	at com.vending.dao.NotificationDAO.create(DataDAOs.kt:235)
	at com.vending.service.NotificationService.push(NotificationService.kt:56)
	at com.vending.service.NotificationService.startSimulation$lambda$15(NotificationService.kt:191)
	at com.sun.scenario.animation.shared.TimelineClipCore.visitKeyFrame(TimelineClipCore.java:239)
	at com.sun.scenario.animation.shared.TimelineClipCore.playTo(TimelineClipCore.java:180)
	at javafx.animation.Timeline.doPlayTo(Timeline.java:172)
	at javafx.animation.AnimationAccessorImpl.playTo(AnimationAccessorImpl.java:39)
	at com.sun.scenario.animation.shared.InfiniteClipEnvelope.timePulse(InfiniteClipEnvelope.java:104)
	at javafx.animation.Animation.doTimePulse(Animation.java:1189)
	at javafx.animation.Animation$1.lambda$timePulse$0(Animation.java:207)
	at java.base/java.security.AccessController.doPrivileged(AccessController.java:400)
	at javafx.animation.Animation$1.timePulse(Animation.java:206)
	at com.sun.scenario.animation.AbstractPrimaryTimer.timePulseImpl(AbstractPrimaryTimer.java:343)
	at com.sun.scenario.animation.AbstractPrimaryTimer$MainLoop.run(AbstractPrimaryTimer.java:266)
	at com.sun.javafx.tk.quantum.QuantumToolkit.pulse(QuantumToolkit.java:588)
	at com.sun.javafx.tk.quantum.QuantumToolkit.pulse(QuantumToolkit.java:572)
	at com.sun.javafx.tk.quantum.QuantumToolkit.pulseFromQueue(QuantumToolkit.java:565)
	at com.sun.javafx.tk.quantum.QuantumToolkit.lambda$runToolkit$11(QuantumToolkit.java:352)
	at com.sun.glass.ui.InvokeLaterDispatcher$Future.run(InvokeLaterDispatcher.java:95)
	at com.sun.glass.ui.win.WinApplication._runLoop(Native Method)
	at com.sun.glass.ui.win.WinApplication.lambda$runLoop$3(WinApplication.java:185)
	at java.base/java.lang.Thread.run(Thread.java:1583)
Caused by: org.postgresql.util.PSQLException: ОШИБКА: столбец "machine_id" в таблице "notifications" не существует
  Позиция: 49
	at org.postgresql.core.v3.QueryExecutorImpl.receiveErrorResponse(QueryExecutorImpl.java:2712)
	at org.postgresql.core.v3.QueryExecutorImpl.processResults(QueryExecutorImpl.java:2400)
	at org.postgresql.core.v3.QueryExecutorImpl.execute(QueryExecutorImpl.java:367)
	at org.postgresql.jdbc.PgStatement.executeInternal(PgStatement.java:498)
	at org.postgresql.jdbc.PgStatement.execute(PgStatement.java:415)
	at org.postgresql.jdbc.PgPreparedStatement.executeWithFlags(PgPreparedStatement.java:190)
	at org.postgresql.jdbc.PgPreparedStatement.executeUpdate(PgPreparedStatement.java:152)
	at org.jetbrains.exposed.sql.statements.jdbc.JdbcPreparedStatementImpl.executeUpdate(JdbcPreparedStatementImpl.kt:55)
	at org.jetbrains.exposed.sql.statements.InsertStatement.execInsertFunction(InsertStatement.kt:158)
	at org.jetbrains.exposed.sql.statements.InsertStatement.executeInternal(InsertStatement.kt:168)
	at org.jetbrains.exposed.sql.statements.InsertStatement.executeInternal(InsertStatement.kt:18)
	at org.jetbrains.exposed.sql.statements.Statement.executeIn$exposed_core(Statement.kt:92)
	... 37 common frames omitted
2026-02-12 10:52:38.111 [JavaFX Application Thread] WARN  Exposed - Wait 0 milliseconds before retrying
2026-02-12 10:52:38.164 [JavaFX Application Thread] WARN  Exposed - Transaction attempt #1 failed: org.postgresql.util.PSQLException: ОШИБКА: столбец "machine_id" в таблице "notifications" не существует
  Позиция: 49. Statement(s): INSERT INTO notifications (created_at, is_read, machine_id, message, title, "type") VALUES (?, ?, ?, ?, ?, ?)
org.jetbrains.exposed.exceptions.ExposedSQLException: org.postgresql.util.PSQLException: ОШИБКА: столбец "machine_id" в таблице "notifications" не существует
  Позиция: 49
	at org.jetbrains.exposed.sql.statements.Statement.executeIn$exposed_core(Statement.kt:94)
	at org.jetbrains.exposed.sql.Transaction.exec(Transaction.kt:244)
	at org.jetbrains.exposed.sql.Transaction.exec(Transaction.kt:221)
	at org.jetbrains.exposed.sql.statements.Statement.execute(Statement.kt:55)
	at org.jetbrains.exposed.sql.QueriesKt.insert(Queries.kt:144)
	at com.vending.dao.NotificationDAO.create$lambda$6(DataDAOs.kt:236)
	at org.jetbrains.exposed.sql.transactions.ThreadLocalTransactionManagerKt.inTopLevelTransaction$run(ThreadLocalTransactionManager.kt:306)
	at org.jetbrains.exposed.sql.transactions.ThreadLocalTransactionManagerKt.access$inTopLevelTransaction$run(ThreadLocalTransactionManager.kt:1)
	at org.jetbrains.exposed.sql.transactions.ThreadLocalTransactionManagerKt$inTopLevelTransaction$1.invoke(ThreadLocalTransactionManager.kt:353)
	at org.jetbrains.exposed.sql.transactions.ThreadLocalTransactionManagerKt.keepAndRestoreTransactionRefAfterRun(ThreadLocalTransactionManager.kt:361)
	at org.jetbrains.exposed.sql.transactions.ThreadLocalTransactionManagerKt.inTopLevelTransaction(ThreadLocalTransactionManager.kt:352)
	at org.jetbrains.exposed.sql.transactions.ThreadLocalTransactionManagerKt$transaction$1.invoke(ThreadLocalTransactionManager.kt:261)
	at org.jetbrains.exposed.sql.transactions.ThreadLocalTransactionManagerKt.keepAndRestoreTransactionRefAfterRun(ThreadLocalTransactionManager.kt:361)
	at org.jetbrains.exposed.sql.transactions.ThreadLocalTransactionManagerKt.transaction(ThreadLocalTransactionManager.kt:231)
	at org.jetbrains.exposed.sql.transactions.ThreadLocalTransactionManagerKt.transaction(ThreadLocalTransactionManager.kt:209)
	at org.jetbrains.exposed.sql.transactions.ThreadLocalTransactionManagerKt.transaction$default(ThreadLocalTransactionManager.kt:208)
	at com.vending.dao.NotificationDAO.create(DataDAOs.kt:235)
	at com.vending.service.NotificationService.push(NotificationService.kt:56)
	at com.vending.service.NotificationService.startSimulation$lambda$15(NotificationService.kt:191)
	at com.sun.scenario.animation.shared.TimelineClipCore.visitKeyFrame(TimelineClipCore.java:239)
	at com.sun.scenario.animation.shared.TimelineClipCore.playTo(TimelineClipCore.java:180)
	at javafx.animation.Timeline.doPlayTo(Timeline.java:172)
	at javafx.animation.AnimationAccessorImpl.playTo(AnimationAccessorImpl.java:39)
	at com.sun.scenario.animation.shared.InfiniteClipEnvelope.timePulse(InfiniteClipEnvelope.java:104)
	at javafx.animation.Animation.doTimePulse(Animation.java:1189)
	at javafx.animation.Animation$1.lambda$timePulse$0(Animation.java:207)
	at java.base/java.security.AccessController.doPrivileged(AccessController.java:400)
	at javafx.animation.Animation$1.timePulse(Animation.java:206)
	at com.sun.scenario.animation.AbstractPrimaryTimer.timePulseImpl(AbstractPrimaryTimer.java:343)
	at com.sun.scenario.animation.AbstractPrimaryTimer$MainLoop.run(AbstractPrimaryTimer.java:266)
	at com.sun.javafx.tk.quantum.QuantumToolkit.pulse(QuantumToolkit.java:588)
	at com.sun.javafx.tk.quantum.QuantumToolkit.pulse(QuantumToolkit.java:572)
	at com.sun.javafx.tk.quantum.QuantumToolkit.pulseFromQueue(QuantumToolkit.java:565)
	at com.sun.javafx.tk.quantum.QuantumToolkit.lambda$runToolkit$11(QuantumToolkit.java:352)
	at com.sun.glass.ui.InvokeLaterDispatcher$Future.run(InvokeLaterDispatcher.java:95)
	at com.sun.glass.ui.win.WinApplication._runLoop(Native Method)
	at com.sun.glass.ui.win.WinApplication.lambda$runLoop$3(WinApplication.java:185)
	at java.base/java.lang.Thread.run(Thread.java:1583)
Caused by: org.postgresql.util.PSQLException: ОШИБКА: столбец "machine_id" в таблице "notifications" не существует
  Позиция: 49
	at org.postgresql.core.v3.QueryExecutorImpl.receiveErrorResponse(QueryExecutorImpl.java:2712)
	at org.postgresql.core.v3.QueryExecutorImpl.processResults(QueryExecutorImpl.java:2400)
	at org.postgresql.core.v3.QueryExecutorImpl.execute(QueryExecutorImpl.java:367)
	at org.postgresql.jdbc.PgStatement.executeInternal(PgStatement.java:498)
	at org.postgresql.jdbc.PgStatement.execute(PgStatement.java:415)
	at org.postgresql.jdbc.PgPreparedStatement.executeWithFlags(PgPreparedStatement.java:190)
	at org.postgresql.jdbc.PgPreparedStatement.executeUpdate(PgPreparedStatement.java:152)
	at org.jetbrains.exposed.sql.statements.jdbc.JdbcPreparedStatementImpl.executeUpdate(JdbcPreparedStatementImpl.kt:55)
	at org.jetbrains.exposed.sql.statements.InsertStatement.execInsertFunction(InsertStatement.kt:158)
	at org.jetbrains.exposed.sql.statements.InsertStatement.executeInternal(InsertStatement.kt:168)
	at org.jetbrains.exposed.sql.statements.InsertStatement.executeInternal(InsertStatement.kt:18)
	at org.jetbrains.exposed.sql.statements.Statement.executeIn$exposed_core(Statement.kt:92)
	... 37 common frames omitted
2026-02-12 10:52:38.165 [JavaFX Application Thread] WARN  Exposed - Wait 0 milliseconds before retrying
2026-02-12 10:52:38.205 [JavaFX Application Thread] WARN  Exposed - Transaction attempt #2 failed: org.postgresql.util.PSQLException: ОШИБКА: столбец "machine_id" в таблице "notifications" не существует
  Позиция: 49. Statement(s): INSERT INTO notifications (created_at, is_read, machine_id, message, title, "type") VALUES (?, ?, ?, ?, ?, ?)
org.jetbrains.exposed.exceptions.ExposedSQLException: org.postgresql.util.PSQLException: ОШИБКА: столбец "machine_id" в таблице "notifications" не существует
  Позиция: 49
	at org.jetbrains.exposed.sql.statements.Statement.executeIn$exposed_core(Statement.kt:94)
	at org.jetbrains.exposed.sql.Transaction.exec(Transaction.kt:244)
	at org.jetbrains.exposed.sql.Transaction.exec(Transaction.kt:221)
	at org.jetbrains.exposed.sql.statements.Statement.execute(Statement.kt:55)
	at org.jetbrains.exposed.sql.QueriesKt.insert(Queries.kt:144)
	at com.vending.dao.NotificationDAO.create$lambda$6(DataDAOs.kt:236)
	at org.jetbrains.exposed.sql.transactions.ThreadLocalTransactionManagerKt.inTopLevelTransaction$run(ThreadLocalTransactionManager.kt:306)
	at org.jetbrains.exposed.sql.transactions.ThreadLocalTransactionManagerKt.access$inTopLevelTransaction$run(ThreadLocalTransactionManager.kt:1)
	at org.jetbrains.exposed.sql.transactions.ThreadLocalTransactionManagerKt$inTopLevelTransaction$1.invoke(ThreadLocalTransactionManager.kt:353)
	at org.jetbrains.exposed.sql.transactions.ThreadLocalTransactionManagerKt.keepAndRestoreTransactionRefAfterRun(ThreadLocalTransactionManager.kt:361)
	at org.jetbrains.exposed.sql.transactions.ThreadLocalTransactionManagerKt.inTopLevelTransaction(ThreadLocalTransactionManager.kt:352)
	at org.jetbrains.exposed.sql.transactions.ThreadLocalTransactionManagerKt$transaction$1.invoke(ThreadLocalTransactionManager.kt:261)
	at org.jetbrains.exposed.sql.transactions.ThreadLocalTransactionManagerKt.keepAndRestoreTransactionRefAfterRun(ThreadLocalTransactionManager.kt:361)
	at org.jetbrains.exposed.sql.transactions.ThreadLocalTransactionManagerKt.transaction(ThreadLocalTransactionManager.kt:231)
	at org.jetbrains.exposed.sql.transactions.ThreadLocalTransactionManagerKt.transaction(ThreadLocalTransactionManager.kt:209)
	at org.jetbrains.exposed.sql.transactions.ThreadLocalTransactionManagerKt.transaction$default(ThreadLocalTransactionManager.kt:208)
	at com.vending.dao.NotificationDAO.create(DataDAOs.kt:235)
	at com.vending.service.NotificationService.push(NotificationService.kt:56)
	at com.vending.service.NotificationService.startSimulation$lambda$15(NotificationService.kt:191)
	at com.sun.scenario.animation.shared.TimelineClipCore.visitKeyFrame(TimelineClipCore.java:239)
	at com.sun.scenario.animation.shared.TimelineClipCore.playTo(TimelineClipCore.java:180)
	at javafx.animation.Timeline.doPlayTo(Timeline.java:172)
	at javafx.animation.AnimationAccessorImpl.playTo(AnimationAccessorImpl.java:39)
	at com.sun.scenario.animation.shared.InfiniteClipEnvelope.timePulse(InfiniteClipEnvelope.java:104)
	at javafx.animation.Animation.doTimePulse(Animation.java:1189)
	at javafx.animation.Animation$1.lambda$timePulse$0(Animation.java:207)
	at java.base/java.security.AccessController.doPrivileged(AccessController.java:400)
	at javafx.animation.Animation$1.timePulse(Animation.java:206)
	at com.sun.scenario.animation.AbstractPrimaryTimer.timePulseImpl(AbstractPrimaryTimer.java:343)
	at com.sun.scenario.animation.AbstractPrimaryTimer$MainLoop.run(AbstractPrimaryTimer.java:266)
	at com.sun.javafx.tk.quantum.QuantumToolkit.pulse(QuantumToolkit.java:588)
	at com.sun.javafx.tk.quantum.QuantumToolkit.pulse(QuantumToolkit.java:572)
	at com.sun.javafx.tk.quantum.QuantumToolkit.pulseFromQueue(QuantumToolkit.java:565)
	at com.sun.javafx.tk.quantum.QuantumToolkit.lambda$runToolkit$11(QuantumToolkit.java:352)
	at com.sun.glass.ui.InvokeLaterDispatcher$Future.run(InvokeLaterDispatcher.java:95)
	at com.sun.glass.ui.win.WinApplication._runLoop(Native Method)
	at com.sun.glass.ui.win.WinApplication.lambda$runLoop$3(WinApplication.java:185)
	at java.base/java.lang.Thread.run(Thread.java:1583)
Caused by: org.postgresql.util.PSQLException: ОШИБКА: столбец "machine_id" в таблице "notifications" не существует
  Позиция: 49
	at org.postgresql.core.v3.QueryExecutorImpl.receiveErrorResponse(QueryExecutorImpl.java:2712)
	at org.postgresql.core.v3.QueryExecutorImpl.processResults(QueryExecutorImpl.java:2400)
	at org.postgresql.core.v3.QueryExecutorImpl.execute(QueryExecutorImpl.java:367)
	at org.postgresql.jdbc.PgStatement.executeInternal(PgStatement.java:498)
	at org.postgresql.jdbc.PgStatement.execute(PgStatement.java:415)
	at org.postgresql.jdbc.PgPreparedStatement.executeWithFlags(PgPreparedStatement.java:190)
	at org.postgresql.jdbc.PgPreparedStatement.executeUpdate(PgPreparedStatement.java:152)
	at org.jetbrains.exposed.sql.statements.jdbc.JdbcPreparedStatementImpl.executeUpdate(JdbcPreparedStatementImpl.kt:55)
	at org.jetbrains.exposed.sql.statements.InsertStatement.execInsertFunction(InsertStatement.kt:158)
	at org.jetbrains.exposed.sql.statements.InsertStatement.executeInternal(InsertStatement.kt:168)
	at org.jetbrains.exposed.sql.statements.InsertStatement.executeInternal(InsertStatement.kt:18)
	at org.jetbrains.exposed.sql.statements.Statement.executeIn$exposed_core(Statement.kt:92)
	... 37 common frames omitted
2026-02-12 10:52:38.207 [JavaFX Application Thread] WARN  com.vending.service.NotificationService - Could not save notification to DB: org.postgresql.util.PSQLException: ОШИБКА: столбец "machine_id" в таблице "notifications" не существует
  Позиция: 49
